// Jest Snapshot v1, https://goo.gl/fbAQLP

exports[`updates profile and current user 1`] = `
<DocumentFragment>
  <div
    class="row"
  >
    <div
      class="col-12 form-box"
    >
      <div
        class="form-key"
      >
        <span />
      </div>
      <div
        class="form-title"
      >
        Profile
      </div>
      <div
        class="form-body"
      >
        <form>
          <div
            class="form-group"
          >
            <label
              for="username"
            >
              Username
            </label>
            <input
              aria-label="username"
              class="form-control"
              name="username"
              type="text"
              value=""
            />
          </div>
          <div
            class="form-group"
          >
            <label
              for="email"
            >
              Email
            </label>
            <input
              aria-label="email"
              class="form-control"
              name="email"
              type="text"
              value=""
            />
          </div>
          <div
            class="form-group"
          >
            <label
              for="firstName"
            >
              First Name
            </label>
            <input
              aria-label="firstName"
              class="form-control"
              name="firstName"
              type="text"
              value=""
            />
          </div>
          <div
            class="form-group"
          >
            <label
              for="lastName"
            >
              Last Name
            </label>
            <input
              aria-label="lastName"
              class="form-control"
              name="lastName"
              type="text"
              value=""
            />
          </div>
          <div
            class="form-group"
          >
            <label
              for="bio"
            >
              Bio
            </label>
            <div
              class="field"
            >
              <textarea
                aria-label="bio"
                class="form-control"
                name="bio"
              />
            </div>
          </div>
          <div
            class="form-group"
          >
            <label
              for="birthDate"
            >
              Birth Date
            </label>
            <div
              class="date-picker"
            >
              <div
                class="date-picker__date-selection"
              >
                <input
                  aria-label="date-picker"
                  class="date-picker__input form-control"
                  name="birthDate"
                  readonly=""
                  type="text"
                  value=""
                />
              </div>
            </div>
          </div>
          <div
            class="form-group"
          >
            <label
              for="websiteUrl"
            >
              Website URL
            </label>
            <input
              aria-label="websiteUrl"
              class="form-control"
              name="websiteUrl"
              type="text"
              value=""
            />
          </div>
          <div
            class="form-group"
          >
            <label
              for="password"
            >
              Password
            </label>
            <input
              aria-label="password"
              class="form-control"
              name="password"
              type="password"
            />
          </div>
          <div
            class="form-group"
          >
            <label
              for="newPassword"
            >
              New Password
            </label>
            <input
              aria-label="new-password"
              class="form-control"
              name="newPassword"
              type="password"
            />
          </div>
          <div>
            <button
              class="btn btn-primary"
              disabled=""
              type="submit"
            >
              Save
            </button>
          </div>
        </form>
      </div>
      <div
        class="form-footer"
      >
        <span />
      </div>
    </div>
  </div>
</DocumentFragment>
`;
