// Jest Snapshot v1, https://goo.gl/fbAQLP

exports[`sponsors list initial 1`] = `
<div
  className="card"
>
  <div
    className="card__content"
  >
    <h4>
      Sponsors
    </h4>
    <div
     
      role="alert"
    >
      You have no sponsors.
    </div>
  </div>
  <div
    className="card__actions"
  >
    <button
      className="button button--primary"
      onClick={[Function]}
      type="button"
    >
      Add
    </button>
  </div>
</div>
`;
